// Jest Snapshot v1, https://goo.gl/fbAQLP

exports[`LoginForm Renders LoginForm properly 1`] = `ReactWrapper {}`;
